Godot Engine v4.6.2.stable.official.71f334935 - https://godotengine.org
Metal 4.0 - Forward+ - Using Device #0: Apple - Apple M4 Pro (Apple9)
ERROR: Can't create shader cache folder, no shader caching will happen: user://
   at: RendererCompositorRD (servers/rendering/renderer_rd/renderer_compositor_rd.cpp:295)

== nothing may hitch ==  (200 frames per phase, macOS, asserting hitch ratio AND the 8.33ms budget, on SF_PERF_HOST=mac16-8-120hz)
  IDLE  standing on the surface
      mean  8.31ms ( 120 fps)   p50  7.99   p95 10.44   p99 10.82   worst  11.13
      -> a quiet frame is 7.99ms (0.96x the display's 8.33ms refresh interval); everything below is judged against it
  RUN   moving, chunks streaming
      mean  8.31ms ( 120 fps)   p50  8.34   p95  9.08   p99 10.48   worst  10.72
      PASS: p95 is 1.1x a quiet frame (cap 2.0x)
  PASS: RUN holds its hitch gate
    dig site: col 55, surface_row 20, body at row 19, 43 solid rows found, under the feet [#####], paused=false, deaf=true
      (dig site: 43 rows of solid rock under the body, needs 40)
    !! try_mine REFUSED 30 TIMES IN A ROW at (55, 20) (body at (55, 19), 1 cells away)
       paused=false  solid=true  material=earth
       can_mine=true  pack={ &"wood_pickaxe": 1 }
       reach=true  line_of_sight=true  bit=point grain_only=false bites=true
       body px=(1776.0, 623.0)  target centre px=(1776.0, 656.0)  distance=1.0 cells (reach is 3.2)
  DIG   mining, region rebakes
      mean  8.71ms ( 115 fps)   p50  8.36   p95 11.10   p99 17.86   worst  20.79
      PASS: p95 is 1.4x a quiet frame (cap 6.0x)
  PASS: DIG holds its hitch gate
  SWING on the rope at speed
      mean  8.52ms ( 117 fps)   p50  8.33   p95 11.08   p99 13.53   worst  14.05
      PASS: p95 is 1.4x a quiet frame (cap 2.0x)
  PASS: SWING holds its hitch gate
  draw calls in the last frame: 395   objects: 758
  workload: RUN moved 205px · DIG landed 11 mines in 400 frames (window) · SWING anchored 197 frames of 200   (body ended RUN at (51, 19), DIG at (55, 30), SWING at (55, 30))
  PASS: every phase did the work it is named for
  HELD: [frametime.absolute-budget] this run asserted it
  absolute: allowances read from res://tools/perf_hosts.txt for host mac16-8-120hz (4 phase rows)
  absolute: vsync evidence — fastest frame 6.16ms against a 8.33ms refresh; 3% of QUIET samples land on a refresh multiple.
  absolute: SF_PERF_HOST=mac16-8-120hz — the frame SLO, against a 8.33ms refresh. TWO terms: how OFTEN a deadline is missed (a frame past 1.5x the interval), and how LATE the worst one is, both from res://tools/perf_hosts.txt. Rate alone cannot see a stall getting shallower; severity alone cannot see one getting more frequent. Both are ratchets on measured behaviour, not a claim about what is good enough.
      IDLE: 0.0% missed (allow 1.0%) · worst 11.13ms = 1.3x interval (allow 3.0x) · p95 10.44ms, reported and NOT asserted
  HELD: [frametime.paced-phase] this run asserted it
      PASS: IDLE holds the SLO
      RUN: 0.0% missed (allow 1.0%) · worst 10.72ms = 1.3x interval (allow 3.0x) · p95 9.08ms, reported and NOT asserted
      PASS: RUN holds the SLO
      DIG: 3.2% missed (allow 6.0%) · worst 20.79ms = 2.5x interval (allow 3.0x) · p95 11.10ms, reported and NOT asserted
      PASS: DIG holds the SLO
      SWING: 1.5% missed (allow 1.0%) · worst 14.05ms = 1.7x interval (allow 3.0x) · p95 11.08ms, reported and NOT asserted
      FAIL: SWING missed 1.5% of its deadlines, over the 1.0% allowed on mac16-8-120hz — a RATE regression: the phase is late more often than it was measured to be.
      ^ CLASSIFY THIS BEFORE RECORDING IT AS A REGRESSION. 1 of 4 phases are red, and the quiet-phase reference was 7.99ms against a 8.33ms refresh. A GAME regression is confined to the phase whose code changed and REPEATS on a re-run; a contended box moves unrelated phases together and reads differently the very next run. Check what else holds the cores, then re-run: a spoiled sample is void, not failed.
  FAIL: every phase meets the absolute frame SLO, where one applies
check_frametime: 1 FAILURE(S) of 5 asserted
