Godot Engine v4.6.2.stable.official.71f334935 - https://godotengine.org
Metal 4.0 - Forward+ - Using Device #0: Apple - Apple M4 Pro (Apple9)
ERROR: Can't create shader cache folder, no shader caching will happen: user://
   at: RendererCompositorRD (servers/rendering/renderer_rd/renderer_compositor_rd.cpp:295)

== nothing may hitch ==  (200 frames per phase, macOS, asserting hitch ratio AND the 8.33ms budget, on SF_PERF_HOST=mac16-8-120hz)
  IDLE  standing on the surface
      mean  8.35ms ( 120 fps)   p50  8.43   p95 10.53   p99 11.26   worst  11.32
      -> a quiet frame is 8.43ms (1.01x the display's 8.33ms refresh interval); everything below is judged against it
  RUN   moving, chunks streaming
      mean  8.32ms ( 120 fps)   p50  8.33   p95  9.15   p99 10.71   worst  10.86
      PASS: p95 is 1.1x a quiet frame (cap 2.0x)
  PASS: RUN holds its hitch gate
    dig site: col 55, surface_row 20, body at row 19, 43 solid rows found, under the feet [#####], paused=false, deaf=true
      (dig site: 43 rows of solid rock under the body, needs 40)
    !! try_mine REFUSED 30 TIMES IN A ROW at (55, 20) (body at (55, 19), 1 cells away)
       paused=false  solid=true  material=earth
       can_mine=true  pack={ &"wood_pickaxe": 1 }
       reach=true  line_of_sight=true  bit=point grain_only=false bites=true
       body px=(1776.0, 623.0)  target centre px=(1776.0, 656.0)  distance=1.0 cells (reach is 3.2)
  DIG   mining, region rebakes
      mean  8.54ms ( 117 fps)   p50  8.33   p95 10.37   p99 17.74   worst  19.11
      PASS: p95 is 1.2x a quiet frame (cap 6.0x)
  PASS: DIG holds its hitch gate
  SWING on the rope at speed
      mean  8.31ms ( 120 fps)   p50  7.80   p95 10.26   p99 10.52   worst  10.79
      PASS: p95 is 1.2x a quiet frame (cap 2.0x)
  PASS: SWING holds its hitch gate
  draw calls in the last frame: 399   objects: 781
  workload: RUN moved 205px · DIG landed 11 mines in 400 frames (window) · SWING anchored 197 frames of 200   (body ended RUN at (51, 19), DIG at (55, 29), SWING at (55, 30))
  PASS: every phase did the work it is named for
  HELD: [frametime.absolute-budget] this run asserted it
  absolute: allowances read from res://tools/perf_hosts.txt for host mac16-8-120hz (4 phase rows)
  absolute: vsync evidence — fastest frame 5.80ms against a 8.33ms refresh; 0% of QUIET samples land on a refresh multiple. The quiet frame is 8.43ms, ON the interval.
  absolute: SF_PERF_HOST=mac16-8-120hz — the frame SLO, against a 8.33ms refresh. TWO terms: how OFTEN a deadline is missed (a frame past 1.5x the interval), and how LATE the worst one is, both from res://tools/perf_hosts.txt. Rate alone cannot see a stall getting shallower; severity alone cannot see one getting more frequent. Both are ratchets on measured behaviour, not a claim about what is good enough.
      IDLE: 0.0% missed (allow 1.0%) · worst 11.32ms = 1.4x interval (allow 3.0x) · p95 10.53ms, reported and NOT asserted
  HELD: [frametime.paced-phase] this run asserted it
      PASS: IDLE holds the SLO
      RUN: 0.0% missed (allow 1.0%) · worst 10.86ms = 1.3x interval (allow 3.0x) · p95 9.15ms, reported and NOT asserted
      PASS: RUN holds the SLO
      DIG: 3.2% missed (allow 6.0%) · worst 19.11ms = 2.3x interval (allow 3.0x) · p95 10.37ms, reported and NOT asserted
      PASS: DIG holds the SLO
      SWING: 0.0% missed (allow 1.0%) · worst 10.79ms = 1.3x interval (allow 3.0x) · p95 10.26ms, reported and NOT asserted
      PASS: SWING holds the SLO
  PASS: every phase meets the absolute frame SLO, where one applies
check_frametime: PASS (5 asserted) — nothing hitches, and every phase fits in 8.33ms on mac16-8-120hz
