Godot Engine v4.6.2.stable.official.71f334935 - https://godotengine.org
Metal 4.0 - Forward+ - Using Device #0: Apple - Apple M4 Pro (Apple9)
ERROR: Can't create shader cache folder, no shader caching will happen: user://
   at: RendererCompositorRD (servers/rendering/renderer_rd/renderer_compositor_rd.cpp:295)

  delve: col 49, surface row 20, body started row 19, target (49, 50) (solid before the dig: false), dig_down_to returned true, body landed row 47
== where rock meets air, the meeting has to be visible (6b) ==
  world: GENERATED WORLD (the fixture digs into it; nothing is injected)
  the delve reached 27 rows below the surface (asked for 30, floor 24)
  view: 45 x 27 cells (cols 15..59, rows 40..66), cell 48.0px, patch 8px, face offset 9.0px
  view: 45 x 28 cells (cols 26..70, rows 37..64), cell 48.0px, patch 8px, face offset 9.0px
  view: 45 x 28 cells (cols 39..83, rows 34..61), cell 48.0px, patch 8px, face offset 9.0px
  sampled 87 rock|air faces and 609 rock|rock faces (7234 skipped: 1602 near the surface, 1748 lit, 1492 off the judged slab, 0 touching water, 1864 air|air by design, 528 straddling the lamp edge)
  PASS: the skip breakdown accounts for every skipped face
  PASS: 87 rock|air faces were found to judge (floor 40)
  PASS: 609 rock|rock faces were found to judge (floor 40)
  PASS: the sampled region is actually dark — median luminance 20.6, ceiling 34.0 (a brighter region than this is not the place the complaint was about)
  DETECTABILITY: rock|air step median 18.9, rock|rock step median 1.9 -> a real edge outsteps an interior 97% of the time
  POLARITY:      the rock side is the brighter one on 97% of edges
  (a coin flip is 50% for both; the floor is 75%)
  edge step spread: min 0.1  p25 11.3  med 18.9  p75 26.1  max 42.1  (IQR 14.7)
  flat step spread: min 0.0  p25 0.8  med 1.9  p75 3.1  max 21.9  (IQR 2.3)
  528 faces straddled the lamp's edge (one side lit) and are in NEITHER arm
  INSIDE THE LAMP — both sides lit (diagnostic, never gated): 111 rock|air faces, step median 27.47 against a lit flat-rock step of 4.42 (n=610); rock brighter on 97% of them
    this is 6b's ACTUAL subject — the blind tester's complaint was about the rock inside the lamp, and every number above this line is about the dark outside it
    lit ROCK by face orientation — TOP 43.7 (n=49), SIDE 39.4 (n=49), UNDER n=13, under the 30 floor — no median reported
    TOP sits 4.3 levels above SIDE. Fog has no orientation; a mass lit from above does, so a key light reaching the lit pool is what separates them. UNDER is NOT measured here — the ordering claim is TOP vs SIDE only, and the third leg is an open question.
  luminance profile from the face (- air, + rock), median over 87 faces:
    pooled:  -9:8.8  -5:4.1  -2:3.4  +1:23.0  +3:25.7  +5:25.4  +7:26.6  +9:39.6  +13:42.0  +17:39.8  
    rock TOP (lit lip)     -9:28.3  -5:2.8  -2:2.2  +1:24.5  +3:25.4  +5:25.0  +7:34.9  +9:47.9  +13:46.9  +17:43.1  
    rock UNDER (ceiling)   -9:4.3  -5:5.5  -2:5.0  +1:20.9  +3:24.1  +5:23.2  +7:23.5  +9:35.6  +13:38.1  +17:50.4  
    rock SIDE (wall)       -9:7.2  -5:6.2  -2:5.6  +1:23.0  +3:27.1  +5:27.5  +7:26.0  +9:32.1  +13:36.6  +17:35.8  
  by orientation — n, step median, polarity WITHIN that orientation:
    rock TOP (lit lip)     n= 32  step 22.73  polarity 100%   [below the 40 floor — no conclusion]
    rock UNDER (ceiling)   n= 13  step 18.87  polarity  92%   [below the 40 floor — no conclusion]
    rock SIDE (wall)       n= 42  step 14.22  polarity  95%
  polarity by host: 84 plain-rock edges at 96%, 3 lode-stained edges at 100%
    (one arm is below the 40-sample floor, so the split is DIAGNOSTIC ONLY and no conclusion is drawn from the difference between them)
  PASS: a rock/air contact is distinguishable from rock's own texture — 97% (floor 75%)
  PASS: having found an edge, you can tell which side is wall — 97% (floor 75%)
check_contact_edge: PASS (6 asserted) — 87 edges / 609 interiors, detect 97%, polarity 97% [GENERATED WORLD (the fixture digs into it; nothing is injected)]
