Godot Engine v4.6.2.stable.official.71f334935 - https://godotengine.org
Metal 4.0 - Forward+ - Using Device #0: Apple - Apple M4 Pro (Apple9)
ERROR: Can't create shader cache folder, no shader caching will happen: user://
   at: RendererCompositorRD (servers/rendering/renderer_rd/renderer_compositor_rd.cpp:295)

== a working machine has to look different from a stopped one ==
  PASS: CONTROL: the camera has stopped — a cell's screen rect is identical 20 frames apart ([P: (1176, 421), S: (48, 49)] vs [P: (1176, 421), S: (48, 49)])
    empty stage mean luma 17.2, 1.23 levels of still-frame drift across five shots
    2 floor reference(s) taken with the stage empty
      Forge same-state pairs: 9.72 12.20 19.16 43.07 (median 15.68)
      Drill same-state pairs: 11.44 12.95 15.44 15.55 (median 14.19)
      Generator same-state pairs: 3.67 18.40 29.65 33.61 (median 24.03)
    drove 3 of 6 subjects to `working` — could not drive: Crusher (no_power), Spur (unlinked), Gear Mill (no_input)
  PASS: at least two machines could be driven to `working` (3) — one is a machine, not a family
    machine       ignite     work     stop  D_motion   D_state clip@ig clip@wk   verdict
    (ignite = the frame the status flips; work = the same state 75 frames later; told = what _machine_active reported)
    Forge          115.8    128.9     48.5     15.68     80.40      0%      0%  on->off   reads
    Drill          158.1    162.2     75.0     14.19     87.37      0%      0%  on->off   reads
    Generator       66.8    199.2     74.1     24.03    125.15      0%      4%  on->off   reads
    settling lag (not a failure): Generator (off at the flip, on once settled)
  PASS: CONTROL: every subject was actually drawn on the stage
  PASS: the renderer's `_machine_active` and the sim's `machine_status` agree once both have settled
  PASS: no subject's working frame is clipped white, which would hide any cue it has
  PASS: every subject produced comparable patches
  PASS: every machine's HARDWARE says whether it is running, with labels hidden and in luma
check_machine_state: PASS (7 asserted) — the hardware says whether it is running
