Godot Engine v4.6.2.stable.official.71f334935 - https://godotengine.org
Metal 4.0 - Forward+ - Using Device #0: Apple - Apple M4 Pro (Apple9)
ERROR: Can't create shader cache folder, no shader caching will happen: user://
   at: RendererCompositorRD (servers/rendering/renderer_rd/renderer_compositor_rd.cpp:295)

== outside the lamp, rock and air have to be tellable apart ==
  the delve reached 27 rows below the surface (asked for 30, floor 24)
  sampled 533 solid cells and 193 air cells outside the lamp (2950 skipped: 945 near the surface, 833 inside the lamp, 1172 off the judged slab, 0 flooded)
  PASS: 533 solid cells were found to judge (floor 40)
  PASS: 193 air cells were found to judge (floor 40)
  PASS: the sampled region is actually dark — median luminance 13.4, ceiling 34.0 (a brighter region than this is not the place the complaint was about)
  VALUE: rock median 15.0, air median 9.1, gap 6.0 -> you would be right 88% of the time
  GRAIN: rock median 4.22, air median 1.80, gap 2.41 -> you would be right 85% of the time
  ORIENTATION (diagnostic, not gated): rock median -0.140, air median -0.006 -> 60% of the time
  CHROMA b-r (diagnostic, not gated): rock median +2.48, air median +7.87, gap 5.39 -> 89% of the time
  the better cue is VALUE at 88% (a coin flip is 50%, the floor is 75%)
  rock spread: min 4.4  p25 12.2  med 15.0  p75 18.7  max 55.7  (IQR 6.5)
  air  spread: min 1.0  p25 5.0  med 9.1  p75 11.4  max 18.6  (IQR 6.4)
  rock partition (diagnostic only — the verdict above is the pooled global measure):
    plain interior     n= 408  median  14.46  vs air 86%
    plain BOUNDARY     n=  76  median  23.65  vs air 99%
    stained interior   n=  37  median  12.66  vs air 79%   [below the 40 floor — no conclusion]
    stained BOUNDARY   n=  12  median  18.27  vs air 92%   [below the 40 floor — no conclusion]
  rock partition ON GRAIN — the cue the verdict is actually made of (diagnostic only):
    plain interior     n= 408  median   4.16  vs air 84%
    plain BOUNDARY     n=  76  median   7.15  vs air 94%
    stained interior   n=  37  median   3.87  vs air 82%   [below the 40 floor — no conclusion]
    stained BOUNDARY   n=  12  median   5.41  vs air 90%   [below the 40 floor — no conclusion]
  sampled rows: rock median 53, air median 47 (the two populations should be looking at the same depths; far apart means they are not the same picture)
  PASS: a player can tell rock from air out in the dark — 87.63% on the better of the two cues (floor 75.00%)
check_rock_reads: PASS (4 asserted) — 533 rock and 193 air cells, best cue 88%
