Godot Engine v4.6.2.stable.official.71f334935 - https://godotengine.org
Metal 4.0 - Forward+ - Using Device #0: Apple - Apple M4 Pro (Apple9)
ERROR: Can't create shader cache folder, no shader caching will happen: user://
   at: RendererCompositorRD (servers/rendering/renderer_rd/renderer_compositor_rd.cpp:295)

== dirt and stone have to be different materials, not one material in two colours ==
    [mg] depth 22 (row 42, THE CLAYBAND): base column 49 at surface row 20; rig offsets [0] -- 18 candidate(s) refused for a depth band that differs there (nearest sat 3 row(s) off), 0 for overlapping a rig already taken
      [mg-rig] NULL   earth | earth         depth 22 offset  +0: 14 lit of 28  GRAIN  64.3%  ANISO  92.9%
    [mg] depth 26 (row 46, SHALE REACH): base column 49 at surface row 20; rig offsets [0, 41] -- 0 candidate(s) refused for a depth band that differs there (nearest sat no row(s) off), 17 for overlapping a rig already taken
      [mg-rig] NULL   earth | earth         depth 26 offset  +0: 19 lit of 28  GRAIN  63.2%  ANISO  63.2%
      [mg-rig] NULL   earth | earth         depth 26 offset +41: 14 lit of 28  GRAIN  85.7%  ANISO  71.4%
    [mg] depth 30 (row 50, SHALE REACH): base column 49 at surface row 20; rig offsets [0, 48] -- 7 candidate(s) refused for a depth band that differs there (nearest sat 12 row(s) off), 10 for overlapping a rig already taken
      [mg-rig] NULL   earth | earth         depth 30 offset  +0: 23 lit of 28  GRAIN  52.2%  ANISO  78.3%
      [mg-rig] NULL   earth | earth         depth 30 offset +48: 21 lit of 28  GRAIN  61.9%  ANISO  66.7%
  NULL   earth | earth — 140 mirrored windows pooled over 5 placements, 4x2 cells
  PASS:   NULL   earth | earth found 140 pairs to judge (floor 30)
    91 windows lit (mean luma >= 22), 49 dark — median luma lit 51.3, dark 15.9
    VALUE  left med  +31.556  right med  +29.567  ->  all  54%   LIT  55%   dark  53%
    CHROMA left med  -21.871  right med  -21.624  ->  all  55%   LIT  58%   dark  51%
    GRAIN  left med   +0.394  right med   +0.417  ->  all  54%   LIT  58%   dark  53%
    ANISO  left med   +0.022  right med   +0.019  ->  all  51%   LIT  62%   dark  67%
    [mg] depth 22 (row 42, THE CLAYBAND): base column 49 at surface row 20; rig offsets [0] -- 18 candidate(s) refused for a depth band that differs there (nearest sat 3 row(s) off), 0 for overlapping a rig already taken
      [mg-rig] TREAT  earth | stone         depth 22 offset  +0: 21 lit of 28  GRAIN 100.0%  ANISO 100.0%
    [mg] depth 26 (row 46, SHALE REACH): base column 49 at surface row 20; rig offsets [0, 41] -- 0 candidate(s) refused for a depth band that differs there (nearest sat no row(s) off), 17 for overlapping a rig already taken
      [mg-rig] TREAT  earth | stone         depth 26 offset  +0: 28 lit of 28  GRAIN  71.4%  ANISO  96.4%
      [mg-rig] TREAT  earth | stone         depth 26 offset +41: 21 lit of 28  GRAIN  85.7%  ANISO  95.2%
    [mg] depth 30 (row 50, SHALE REACH): base column 49 at surface row 20; rig offsets [0, 48] -- 7 candidate(s) refused for a depth band that differs there (nearest sat 12 row(s) off), 10 for overlapping a rig already taken
      [mg-rig] TREAT  earth | stone         depth 30 offset  +0: 25 lit of 28  GRAIN  68.0%  ANISO 100.0%
      [mg-rig] TREAT  earth | stone         depth 30 offset +48: 21 lit of 28  GRAIN  57.1%  ANISO 100.0%
  TREAT  earth | stone — 140 mirrored windows pooled over 5 placements, 4x2 cells
  PASS:   TREAT  earth | stone found 140 pairs to judge (floor 30)
    116 windows lit (mean luma >= 22), 24 dark — median luma lit 96.2, dark 16.1
    VALUE  left med  +78.025  right med  +92.223  ->  all  77%   LIT  76%   dark  83%
    CHROMA left med  -83.938  right med  -71.487  ->  all  91%   LIT  89%   dark 100%
    GRAIN  left med   +0.323  right med   +0.281  ->  all  80%   LIT  76%   dark 100%
    ANISO  left med   +0.024  right med   -0.053  ->  all  99%   LIT  98%   dark 100%
    [mg] depth 22 (row 42, THE CLAYBAND): base column 49 at surface row 20; rig offsets [0] -- 18 candidate(s) refused for a depth band that differs there (nearest sat 3 row(s) off), 0 for overlapping a rig already taken
      [mg-rig] BASE   earth | stone, ONE GRAMMAR depth 22 offset  +0: 21 lit of 28  GRAIN  52.4%  ANISO  85.7%
    [mg] depth 26 (row 46, SHALE REACH): base column 49 at surface row 20; rig offsets [0, 41] -- 0 candidate(s) refused for a depth band that differs there (nearest sat no row(s) off), 17 for overlapping a rig already taken
      [mg-rig] BASE   earth | stone, ONE GRAMMAR depth 26 offset  +0: 28 lit of 28  GRAIN  60.7%  ANISO  67.9%
      [mg-rig] BASE   earth | stone, ONE GRAMMAR depth 26 offset +41: 22 lit of 28  GRAIN  59.1%  ANISO  59.1%
    [mg] depth 30 (row 50, SHALE REACH): base column 49 at surface row 20; rig offsets [0, 48] -- 7 candidate(s) refused for a depth band that differs there (nearest sat 12 row(s) off), 10 for overlapping a rig already taken
      [mg-rig] BASE   earth | stone, ONE GRAMMAR depth 30 offset  +0: 24 lit of 28  GRAIN  62.5%  ANISO  62.5%
      [mg-rig] BASE   earth | stone, ONE GRAMMAR depth 30 offset +48: 21 lit of 28  GRAIN  61.9%  ANISO  61.9%
  BASE   earth | stone, ONE GRAMMAR — 140 mirrored windows pooled over 5 placements, 4x2 cells
  PASS:   BASE   earth | stone, ONE GRAMMAR found 140 pairs to judge (floor 30)
    116 windows lit (mean luma >= 22), 24 dark — median luma lit 95.1, dark 16.1
    VALUE  left med  +78.247  right med  +92.504  ->  all  70%   LIT  69%   dark  75%
    CHROMA left med  -83.993  right med  -69.696  ->  all  91%   LIT  90%   dark 100%
    GRAIN  left med   +0.324  right med   +0.325  ->  all  54%   LIT  59%   dark  71%
    ANISO  left med   +0.022  right med   +0.021  ->  all  55%   LIT  50%   dark  79%
    [mg] depth 22 (row 42, THE CLAYBAND): base column 49 at surface row 20; rig offsets [0] -- 18 candidate(s) refused for a depth band that differs there (nearest sat 3 row(s) off), 0 for overlapping a rig already taken
      [mg-rig] TREAT  earth | stone, TOOTH OFF depth 22 offset  +0: 21 lit of 28  GRAIN  61.9%  ANISO  76.2%
    [mg] depth 26 (row 46, SHALE REACH): base column 49 at surface row 20; rig offsets [0, 41] -- 0 candidate(s) refused for a depth band that differs there (nearest sat no row(s) off), 17 for overlapping a rig already taken
      [mg-rig] TREAT  earth | stone, TOOTH OFF depth 26 offset  +0: 28 lit of 28  GRAIN  60.7%  ANISO  53.6%
      [mg-rig] TREAT  earth | stone, TOOTH OFF depth 26 offset +41: 21 lit of 28  GRAIN  71.4%  ANISO  57.1%
    [mg] depth 30 (row 50, SHALE REACH): base column 49 at surface row 20; rig offsets [0, 48] -- 7 candidate(s) refused for a depth band that differs there (nearest sat 12 row(s) off), 10 for overlapping a rig already taken
      [mg-rig] TREAT  earth | stone, TOOTH OFF depth 30 offset  +0: 21 lit of 28  GRAIN  52.4%  ANISO  71.4%
      [mg-rig] TREAT  earth | stone, TOOTH OFF depth 30 offset +48: 20 lit of 28  GRAIN  55.0%  ANISO  95.0%
  TREAT  earth | stone, TOOTH OFF — 140 mirrored windows pooled over 5 placements, 4x2 cells
  PASS:   TREAT  earth | stone, TOOTH OFF found 140 pairs to judge (floor 30)
    111 windows lit (mean luma >= 22), 29 dark — median luma lit 86.8, dark 8.6
    VALUE  left med  +70.063  right med  +79.499  ->  all  76%   LIT  75%   dark  83%
    CHROMA left med  -85.437  right med  -70.467  ->  all  90%   LIT  87%   dark 100%
    GRAIN  left med   +0.347  right med   +0.328  ->  all  67%   LIT  59%   dark 100%
    ANISO  left med   +0.037  right med   +0.019  ->  all  69%   LIT  67%   dark  79%
  PASS: at least one structure cue survived its own null rig (2 of 2)
  PASS: CONTROL: the two slabs really are different materials — colour tells them apart 89% of the time. If this ever falls the rig broke, not the grammar
  PASS: 116 of the sampled windows are bright enough for a material to be visible in (floor 30)
  PASS: STRUCTURE, colour removed: dirt and stone are tellable apart 98.28% of the time over 116 lit windows (floor 75.00%, a coin is 50%) — this is TR-02's actual subject
  BASELINE: with one grammar for both materials, structure reads 59% in the lit band; with the grammar it reads 98%. Both paired, both lit — the comparison the ticket wants.
  MECHANISM: structure reads 98% with the tooth on and 69% with it off — a large gap here means the material grammar is being overpainted by an isotropic pass, not that it is absent from the bake
check_material_grammar: PASS (8 asserted) — structure 98%, colour 89%, null 62%
