Godot Engine v4.6.2.stable.official.71f334935 - https://godotengine.org
Metal 4.0 - Forward+ - Using Device #0: Apple - Apple M4 Pro (Apple9)
ERROR: Can't create shader cache folder, no shader caching will happen: user://
   at: RendererCompositorRD (servers/rendering/renderer_rd/renderer_compositor_rd.cpp:295)

== with the icons off, is that the same box? ==
  PASS: CONTROL: the camera has stopped — a cell's screen rect is identical 20 frames apart
    empty stage: mean luma 20.5, largest still-frame difference 4.0 levels, 0 of 2352 pixels (0.0000 of the cell) clear the mask threshold
  PASS: CONTROL: still-frame noise masks 0.0000 of the cell, under the 0.025 two machines must differ by
  PASS: 20 machines stood on the stage — fewer than ten is not a registry
    machine          cell used
    Blast Furnace          71%
    Power Conduit          30%
    Crusher                73%
    Descent Engine         74%
    Drift Rig              74%
    Drill                  72%
    Gear Mill              70%
    Generator              74%
    Borer                  73%
    Hopper                 76%
    Iron Forge             71%
    Lift                   73%
    Ore Vent               89%
    Plate Press            71%
    Forge                  70%
    Pump                   72%
    Rope                   17%
    Splitter               72%
    Spur                    9%
    Torch                  23%
    190 pairs — mean 0.253, tightest 0.006 (Blast Furnace/Forge), widest 0.794 (Ore Vent/Spur)
    the ten most alike:
      0.006  Blast Furnace/Forge
      0.007  Blast Furnace/Iron Forge
      0.009  Iron Forge/Forge
      0.031  Descent Engine/Splitter
      0.038  Drill/Lift
      0.043  Drift Rig/Lift
      0.043  Descent Engine/Generator
      0.043  Gear Mill/Borer
      0.045  Drift Rig/Borer
      0.045  Generator/Plate Press
  PASS: no two machines are drawn as the SAME SHAPE
    same-kind pairs, exempt and named: Blast Furnace/Iron Forge (furnace, 0.007), Blast Furnace/Forge (furnace, 0.006), Iron Forge/Forge (furnace, 0.009)
  PASS: the family exemption covers 3 of 190 pairs (cap 15%) — an exemption that grows to fit the registry has stopped being one
  PASS: every pair of machines of DIFFERENT kinds disagrees about at least 0.0250 of the cell
  PASS: CONTROL: a mask against itself scores 0.000 (0.000)
  PASS: CONTROL: two masks differing by 30 of 100 cells score 0.300 (0.300)
check_machine_identity: PASS (8 asserted) — a machine's body says which machine it is
