Godot Engine v4.6.2.stable.official.71f334935 - https://godotengine.org
Metal 4.0 - Forward+ - Using Device #0: Apple - Apple M4 Pro (Apple9)
ERROR: Can't create shader cache folder, no shader caching will happen: user://
   at: RendererCompositorRD (servers/rendering/renderer_rd/renderer_compositor_rd.cpp:295)

== dirt and stone have to be different materials, not one material in two colours ==
    [mg] depth 22 (row 42, THE CLAYBAND): base column 49 at surface row 20; rig offsets [0] -- 18 candidate(s) refused for a depth band that differs there (nearest sat 3 row(s) off), 0 for overlapping a rig already taken
      [mg-rig] NULL   earth | earth         depth 22 offset  +0: 14 lit of 28  GRAIN  64.3%  ANISO  78.6%
    [mg] depth 26 (row 46, SHALE REACH): base column 49 at surface row 20; rig offsets [0, 41] -- 0 candidate(s) refused for a depth band that differs there (nearest sat no row(s) off), 17 for overlapping a rig already taken
      [mg-rig] NULL   earth | earth         depth 26 offset  +0: 19 lit of 28  GRAIN  63.2%  ANISO  63.2%
      [mg-rig] NULL   earth | earth         depth 26 offset +41: 14 lit of 28  GRAIN  85.7%  ANISO  57.1%
    [mg] depth 30 (row 50, SHALE REACH): base column 49 at surface row 20; rig offsets [0, 48] -- 7 candidate(s) refused for a depth band that differs there (nearest sat 12 row(s) off), 10 for overlapping a rig already taken
      [mg-rig] NULL   earth | earth         depth 30 offset  +0: 23 lit of 28  GRAIN  52.2%  ANISO  78.3%
      [mg-rig] NULL   earth | earth         depth 30 offset +48: 21 lit of 28  GRAIN  61.9%  ANISO  71.4%
  NULL   earth | earth — 140 mirrored windows pooled over 5 placements, 4x2 cells
  PASS:   NULL   earth | earth found 140 pairs to judge (floor 30)
    91 windows lit (mean luma >= 22), 49 dark — median luma lit 51.2, dark 15.9
    VALUE  left med  +31.521  right med  +29.666  ->  all  54%   LIT  55%   dark  53%
    CHROMA left med  -21.863  right med  -21.622  ->  all  54%   LIT  57%   dark  51%
    GRAIN  left med   +0.393  right med   +0.418  ->  all  54%   LIT  58%   dark  53%
    ANISO  left med   +0.022  right med   +0.019  ->  all  54%   LIT  63%   dark  63%
    [mg] depth 22 (row 42, THE CLAYBAND): base column 49 at surface row 20; rig offsets [0] -- 18 candidate(s) refused for a depth band that differs there (nearest sat 3 row(s) off), 0 for overlapping a rig already taken
      [mg-rig] TREAT  earth | stone         depth 22 offset  +0: 21 lit of 28  GRAIN 100.0%  ANISO 100.0%
    [mg] depth 26 (row 46, SHALE REACH): base column 49 at surface row 20; rig offsets [0, 41] -- 0 candidate(s) refused for a depth band that differs there (nearest sat no row(s) off), 17 for overlapping a rig already taken
      [mg-rig] TREAT  earth | stone         depth 26 offset  +0: 28 lit of 28  GRAIN  75.0%  ANISO 100.0%
      [mg-rig] TREAT  earth | stone         depth 26 offset +41: 21 lit of 28  GRAIN  85.7%  ANISO  95.2%
    [mg] depth 30 (row 50, SHALE REACH): base column 49 at surface row 20; rig offsets [0, 48] -- 7 candidate(s) refused for a depth band that differs there (nearest sat 12 row(s) off), 10 for overlapping a rig already taken
      [mg-rig] TREAT  earth | stone         depth 30 offset  +0: 25 lit of 28  GRAIN  64.0%  ANISO 100.0%
      [mg-rig] TREAT  earth | stone         depth 30 offset +48: 21 lit of 28  GRAIN  57.1%  ANISO 100.0%
  TREAT  earth | stone — 140 mirrored windows pooled over 5 placements, 4x2 cells
  PASS:   TREAT  earth | stone found 140 pairs to judge (floor 30)
    116 windows lit (mean luma >= 22), 24 dark — median luma lit 94.4, dark 16.2
    VALUE  left med  +78.541  right med  +90.041  ->  all  77%   LIT  76%   dark  83%
    CHROMA left med  -85.610  right med  -70.043  ->  all  91%   LIT  89%   dark 100%
    GRAIN  left med   +0.324  right med   +0.283  ->  all  80%   LIT  76%   dark 100%
    ANISO  left med   +0.023  right med   -0.055  ->  all  99%   LIT  99%   dark 100%
    [mg] depth 22 (row 42, THE CLAYBAND): base column 49 at surface row 20; rig offsets [0] -- 18 candidate(s) refused for a depth band that differs there (nearest sat 3 row(s) off), 0 for overlapping a rig already taken
      [mg-rig] BASE   earth | stone, ONE GRAMMAR depth 22 offset  +0: 21 lit of 28  GRAIN  52.4%  ANISO  85.7%
    [mg] depth 26 (row 46, SHALE REACH): base column 49 at surface row 20; rig offsets [0, 41] -- 0 candidate(s) refused for a depth band that differs there (nearest sat no row(s) off), 17 for overlapping a rig already taken
      [mg-rig] BASE   earth | stone, ONE GRAMMAR depth 26 offset  +0: 28 lit of 28  GRAIN  60.7%  ANISO  67.9%
      [mg-rig] BASE   earth | stone, ONE GRAMMAR depth 26 offset +41: 22 lit of 28  GRAIN  59.1%  ANISO  59.1%
    [mg] depth 30 (row 50, SHALE REACH): base column 49 at surface row 20; rig offsets [0, 48] -- 7 candidate(s) refused for a depth band that differs there (nearest sat 12 row(s) off), 10 for overlapping a rig already taken
      [mg-rig] BASE   earth | stone, ONE GRAMMAR depth 30 offset  +0: 24 lit of 28  GRAIN  62.5%  ANISO  58.3%
      [mg-rig] BASE   earth | stone, ONE GRAMMAR depth 30 offset +48: 21 lit of 28  GRAIN  61.9%  ANISO  66.7%
  BASE   earth | stone, ONE GRAMMAR — 140 mirrored windows pooled over 5 placements, 4x2 cells
  PASS:   BASE   earth | stone, ONE GRAMMAR found 140 pairs to judge (floor 30)
    116 windows lit (mean luma >= 22), 24 dark — median luma lit 96.0, dark 16.1
    VALUE  left med  +77.123  right med  +93.779  ->  all  69%   LIT  69%   dark  71%
    CHROMA left med  -82.951  right med  -67.987  ->  all  91%   LIT  90%   dark 100%
    GRAIN  left med   +0.322  right med   +0.324  ->  all  54%   LIT  59%   dark  71%
    ANISO  left med   +0.021  right med   +0.019  ->  all  51%   LIT  52%   dark  62%
    [mg] depth 22 (row 42, THE CLAYBAND): base column 49 at surface row 20; rig offsets [0] -- 18 candidate(s) refused for a depth band that differs there (nearest sat 3 row(s) off), 0 for overlapping a rig already taken
      [mg-rig] TREAT  earth | stone, TOOTH OFF depth 22 offset  +0: 21 lit of 28  GRAIN  61.9%  ANISO  85.7%
    [mg] depth 26 (row 46, SHALE REACH): base column 49 at surface row 20; rig offsets [0, 41] -- 0 candidate(s) refused for a depth band that differs there (nearest sat no row(s) off), 17 for overlapping a rig already taken
      [mg-rig] TREAT  earth | stone, TOOTH OFF depth 26 offset  +0: 28 lit of 28  GRAIN  53.6%  ANISO  50.0%
      [mg-rig] TREAT  earth | stone, TOOTH OFF depth 26 offset +41: 21 lit of 28  GRAIN  66.7%  ANISO  52.4%
    [mg] depth 30 (row 50, SHALE REACH): base column 49 at surface row 20; rig offsets [0, 48] -- 7 candidate(s) refused for a depth band that differs there (nearest sat 12 row(s) off), 10 for overlapping a rig already taken
      [mg-rig] TREAT  earth | stone, TOOTH OFF depth 30 offset  +0: 21 lit of 28  GRAIN  52.4%  ANISO  71.4%
      [mg-rig] TREAT  earth | stone, TOOTH OFF depth 30 offset +48: 20 lit of 28  GRAIN  50.0%  ANISO  90.0%
  TREAT  earth | stone, TOOTH OFF — 140 mirrored windows pooled over 5 placements, 4x2 cells
  PASS:   TREAT  earth | stone, TOOTH OFF found 140 pairs to judge (floor 30)
    111 windows lit (mean luma >= 22), 29 dark — median luma lit 88.4, dark 8.6
    VALUE  left med  +67.596  right med  +83.183  ->  all  76%   LIT  75%   dark  83%
    CHROMA left med  -81.403  right med  -69.191  ->  all  90%   LIT  87%   dark 100%
    GRAIN  left med   +0.346  right med   +0.321  ->  all  66%   LIT  57%   dark 100%
    ANISO  left med   +0.038  right med   +0.020  ->  all  71%   LIT  68%   dark  83%
  DISQUALIFIED: ANISO separates the NULL rig at 63% (ceiling 62%) — it is reading something other than material, so it cannot carry a verdict about material
  PASS: at least one structure cue survived its own null rig (1 of 2)
  PASS: CONTROL: the two slabs really are different materials — colour tells them apart 89% of the time. If this ever falls the rig broke, not the grammar
  PASS: 116 of the sampled windows are bright enough for a material to be visible in (floor 30)
  PASS: STRUCTURE, colour removed: dirt and stone are tellable apart 75.86% of the time over 116 lit windows (floor 75.00%, a coin is 50%) — this is TR-02's actual subject
  BASELINE: with one grammar for both materials, structure reads 59% in the lit band; with the grammar it reads 76%. Both paired, both lit — the comparison the ticket wants.
  MECHANISM: structure reads 76% with the tooth on and 71% with it off — a large gap here means the material grammar is being overpainted by an isotropic pass, not that it is absent from the bake
check_material_grammar: PASS (8 asserted) — structure 76%, colour 89%, null 58%
