Godot Engine v4.6.2.stable.official.71f334935 - https://godotengine.org
Metal 4.0 - Forward+ - Using Device #0: Apple - Apple M4 Pro (Apple9)
ERROR: Can't create shader cache folder, no shader caching will happen: user://
   at: RendererCompositorRD (servers/rendering/renderer_rd/renderer_compositor_rd.cpp:295)

  delve: col 49, surface row 20, body started row 19, target (49, 50) (solid before the dig: false), dig_down_to returned true, body landed row 47
== where rock meets air, the meeting has to be visible (6b) ==
  world: GENERATED WORLD (the fixture digs into it; nothing is injected)
  the delve reached 27 rows below the surface (asked for 30, floor 24)
  view: 45 x 28 cells (cols 15..59, rows 39..66), cell 48.0px, patch 8px, face offset 9.0px
  view: 45 x 28 cells (cols 26..70, rows 37..64), cell 48.0px, patch 8px, face offset 9.0px
  view: 45 x 28 cells (cols 39..83, rows 34..61), cell 48.0px, patch 8px, face offset 9.0px
  sampled 85 rock|air faces and 631 rock|rock faces (7311 skipped: 1691 near the surface, 1746 lit, 1477 off the judged slab, 0 touching water, 1873 air|air by design, 524 straddling the lamp edge)
  PASS: the skip breakdown accounts for every skipped face
  PASS: 85 rock|air faces were found to judge (floor 40)
  PASS: 631 rock|rock faces were found to judge (floor 40)
  PASS: the sampled region is actually dark — median luminance 20.2, ceiling 34.0 (a brighter region than this is not the place the complaint was about)
  DETECTABILITY: rock|air step median 18.6, rock|rock step median 1.7 -> a real edge outsteps an interior 98% of the time
  POLARITY:      the rock side is the brighter one on 98% of edges
  (a coin flip is 50% for both; the floor is 75%)
  edge step spread: min 0.9  p25 11.8  med 18.6  p75 25.7  max 42.9  (IQR 13.9)
  flat step spread: min 0.0  p25 0.8  med 1.7  p75 3.1  max 21.4  (IQR 2.3)
  524 faces straddled the lamp's edge (one side lit) and are in NEITHER arm
  INSIDE THE LAMP — both sides lit (diagnostic, never gated): 113 rock|air faces, step median 27.04 against a lit flat-rock step of 4.50 (n=607); rock brighter on 98% of them
    this is 6b's ACTUAL subject — the blind tester's complaint was about the rock inside the lamp, and every number above this line is about the dark outside it
    lit ROCK by face orientation — TOP 43.2 (n=48), SIDE 37.7 (n=52), UNDER n=13, under the 30 floor — no median reported
    TOP sits 5.5 levels above SIDE. Fog has no orientation; a mass lit from above does, so a key light reaching the lit pool is what separates them. UNDER is NOT measured here — the ordering claim is TOP vs SIDE only, and the third leg is an open question.
  luminance profile from the face (- air, + rock), median over 85 faces:
    pooled:  -9:8.8  -5:4.2  -2:4.4  +1:29.4  +3:27.2  +5:26.8  +7:25.9  +9:40.6  +13:40.6  +17:39.9  
    rock TOP (lit lip)     -9:29.3  -5:2.4  -2:2.1  +1:27.7  +3:26.2  +5:24.1  +7:24.4  +9:48.0  +13:47.5  +17:45.5  
    rock UNDER (ceiling)   -9:5.0  -5:7.4  -2:7.1  +1:18.4  +3:21.9  +5:24.5  +7:25.2  +9:40.6  +13:38.9  +17:43.2  
    rock SIDE (wall)       -9:7.0  -5:7.4  -2:7.7  +1:30.2  +3:28.4  +5:28.4  +7:26.7  +9:33.0  +13:34.1  +17:36.0  
  by orientation — n, step median, polarity WITHIN that orientation:
    rock TOP (lit lip)     n= 31  step 20.84  polarity 100%   [below the 40 floor — no conclusion]
    rock UNDER (ceiling)   n= 13  step 18.56  polarity  92%   [below the 40 floor — no conclusion]
    rock SIDE (wall)       n= 41  step 14.43  polarity  98%
  polarity by host: 82 plain-rock edges at 98%, 3 lode-stained edges at 100%
    (one arm is below the 40-sample floor, so the split is DIAGNOSTIC ONLY and no conclusion is drawn from the difference between them)
  PASS: a rock/air contact is distinguishable from rock's own texture — 98% (floor 75%)
  PASS: having found an edge, you can tell which side is wall — 98% (floor 75%)
check_contact_edge: PASS (6 asserted) — 85 edges / 631 interiors, detect 98%, polarity 98% [GENERATED WORLD (the fixture digs into it; nothing is injected)]
