Godot Engine v4.6.2.stable.official.71f334935 - https://godotengine.org

== pixel-snap check ==
ERROR: String formatting error: unsupported format character.
   at: validated_evaluate (core/variant/variant_op.h:770)
   GDScript backtrace (most recent call first):
       [0] _initialize (res://tools/check_pixel_snap.gd:44)
ERROR: String formatting error: unsupported format character.
   at: validated_evaluate (core/variant/variant_op.h:770)
   GDScript backtrace (most recent call first):
       [0] _initialize (res://tools/check_pixel_snap.gd:44)
ERROR: String formatting error: unsupported format character.
   at: validated_evaluate (core/variant/variant_op.h:770)
   GDScript backtrace (most recent call first):
       [0] _initialize (res://tools/check_pixel_snap.gd:44)
ERROR: String formatting error: unsupported format character.
   at: validated_evaluate (core/variant/variant_op.h:770)
   GDScript backtrace (most recent call first):
       [0] _initialize (res://tools/check_pixel_snap.gd:44)
ERROR: String formatting error: unsupported format character.
   at: validated_evaluate (core/variant/variant_op.h:770)
   GDScript backtrace (most recent call first):
       [0] _initialize (res://tools/check_pixel_snap.gd:44)
ERROR: String formatting error: unsupported format character.
   at: validated_evaluate (core/variant/variant_op.h:770)
   GDScript backtrace (most recent call first):
       [0] _initialize (res://tools/check_pixel_snap.gd:44)
ERROR: String formatting error: unsupported format character.
   at: validated_evaluate (core/variant/variant_op.h:770)
   GDScript backtrace (most recent call first):
       [0] _initialize (res://tools/check_pixel_snap.gd:44)
ERROR: String formatting error: unsupported format character.
   at: validated_evaluate (core/variant/variant_op.h:770)
   GDScript backtrace (most recent call first):
       [0] _initialize (res://tools/check_pixel_snap.gd:44)
ERROR: String formatting error: unsupported format character.
   at: validated_evaluate (core/variant/variant_op.h:770)
   GDScript backtrace (most recent call first):
       [0] _initialize (res://tools/check_pixel_snap.gd:44)
ERROR: String formatting error: unsupported format character.
   at: validated_evaluate (core/variant/variant_op.h:770)
   GDScript backtrace (most recent call first):
       [0] _initialize (res://tools/check_pixel_snap.gd:44)
ERROR: String formatting error: unsupported format character.
   at: validated_evaluate (core/variant/variant_op.h:770)
   GDScript backtrace (most recent call first):
       [0] _initialize (res://tools/check_pixel_snap.gd:44)
ERROR: String formatting error: unsupported format character.
   at: validated_evaluate (core/variant/variant_op.h:770)
   GDScript backtrace (most recent call first):
       [0] _initialize (res://tools/check_pixel_snap.gd:44)
ERROR: String formatting error: unsupported format character.
   at: validated_evaluate (core/variant/variant_op.h:770)
   GDScript backtrace (most recent call first):
       [0] _initialize (res://tools/check_pixel_snap.gd:44)
ERROR: String formatting error: unsupported format character.
   at: validated_evaluate (core/variant/variant_op.h:770)
   GDScript backtrace (most recent call first):
       [0] _initialize (res://tools/check_pixel_snap.gd:44)
ERROR: String formatting error: unsupported format character.
   at: validated_evaluate (core/variant/variant_op.h:770)
   GDScript backtrace (most recent call first):
       [0] _initialize (res://tools/check_pixel_snap.gd:44)
ERROR: String formatting error: unsupported format character.
   at: validated_evaluate (core/variant/variant_op.h:770)
   GDScript backtrace (most recent call first):
       [0] _initialize (res://tools/check_pixel_snap.gd:44)
ERROR: String formatting error: unsupported format character.
   at: validated_evaluate (core/variant/variant_op.h:770)
   GDScript backtrace (most recent call first):
       [0] _initialize (res://tools/check_pixel_snap.gd:44)
ERROR: String formatting error: unsupported format character.
   at: validated_evaluate (core/variant/variant_op.h:770)
   GDScript backtrace (most recent call first):
       [0] _initialize (res://tools/check_pixel_snap.gd:44)
ERROR: String formatting error: unsupported format character.
   at: validated_evaluate (core/variant/variant_op.h:770)
   GDScript backtrace (most recent call first):
       [0] _initialize (res://tools/check_pixel_snap.gd:44)
ERROR: String formatting error: unsupported format character.
   at: validated_evaluate (core/variant/variant_op.h:770)
   GDScript backtrace (most recent call first):
       [0] _initialize (res://tools/check_pixel_snap.gd:44)
ERROR: String formatting error: unsupported format character.
   at: validated_evaluate (core/variant/variant_op.h:770)
   GDScript backtrace (most recent call first):
       [0] _initialize (res://tools/check_pixel_snap.gd:44)
ERROR: String formatting error: unsupported format character.
   at: validated_evaluate (core/variant/variant_op.h:770)
   GDScript backtrace (most recent call first):
       [0] _initialize (res://tools/check_pixel_snap.gd:44)
ERROR: String formatting error: unsupported format character.
   at: validated_evaluate (core/variant/variant_op.h:770)
   GDScript backtrace (most recent call first):
       [0] _initialize (res://tools/check_pixel_snap.gd:44)
ERROR: String formatting error: unsupported format character.
   at: validated_evaluate (core/variant/variant_op.h:770)
   GDScript backtrace (most recent call first):
       [0] _initialize (res://tools/check_pixel_snap.gd:44)
ERROR: String formatting error: unsupported format character.
   at: validated_evaluate (core/variant/variant_op.h:770)
   GDScript backtrace (most recent call first):
       [0] _initialize (res://tools/check_pixel_snap.gd:44)
ERROR: String formatting error: unsupported format character.
   at: validated_evaluate (core/variant/variant_op.h:770)
   GDScript backtrace (most recent call first):
       [0] _initialize (res://tools/check_pixel_snap.gd:44)
ERROR: String formatting error: unsupported format character.
   at: validated_evaluate (core/variant/variant_op.h:770)
   GDScript backtrace (most recent call first):
       [0] _initialize (res://tools/check_pixel_snap.gd:44)
ERROR: String formatting error: unsupported format character.
   at: validated_evaluate (core/variant/variant_op.h:770)
   GDScript backtrace (most recent call first):
       [0] _initialize (res://tools/check_pixel_snap.gd:44)
ERROR: String formatting error: unsupported format character.
   at: validated_evaluate (core/variant/variant_op.h:770)
   GDScript backtrace (most recent call first):
       [0] _initialize (res://tools/check_pixel_snap.gd:44)
ERROR: String formatting error: unsupported format character.
   at: validated_evaluate (core/variant/variant_op.h:770)
   GDScript backtrace (most recent call first):
       [0] _initialize (res://tools/check_pixel_snap.gd:44)
ERROR: String formatting error: unsupported format character.
   at: validated_evaluate (core/variant/variant_op.h:770)
   GDScript backtrace (most recent call first):
       [0] _initialize (res://tools/check_pixel_snap.gd:44)
ERROR: String formatting error: unsupported format character.
   at: validated_evaluate (core/variant/variant_op.h:770)
   GDScript backtrace (most recent call first):
       [0] _initialize (res://tools/check_pixel_snap.gd:44)
ERROR: String formatting error: unsupported format character.
   at: validated_evaluate (core/variant/variant_op.h:770)
   GDScript backtrace (most recent call first):
       [0] _initialize (res://tools/check_pixel_snap.gd:44)
ERROR: String formatting error: unsupported format character.
   at: validated_evaluate (core/variant/variant_op.h:770)
   GDScript backtrace (most recent call first):
       [0] _initialize (res://tools/check_pixel_snap.gd:44)
ERROR: String formatting error: unsupported format character.
   at: validated_evaluate (core/variant/variant_op.h:770)
   GDScript backtrace (most recent call first):
       [0] _initialize (res://tools/check_pixel_snap.gd:44)
ERROR: String formatting error: unsupported format character.
   at: validated_evaluate (core/variant/variant_op.h:770)
   GDScript backtrace (most recent call first):
       [0] _initialize (res://tools/check_pixel_snap.gd:44)
ERROR: String formatting error: unsupported format character.
   at: validated_evaluate (core/variant/variant_op.h:770)
   GDScript backtrace (most recent call first):
       [0] _initialize (res://tools/check_pixel_snap.gd:44)
ERROR: String formatting error: unsupported format character.
   at: validated_evaluate (core/variant/variant_op.h:770)
   GDScript backtrace (most recent call first):
       [0] _initialize (res://tools/check_pixel_snap.gd:44)
ERROR: String formatting error: unsupported format character.
   at: validated_evaluate (core/variant/variant_op.h:770)
   GDScript backtrace (most recent call first):
       [0] _initialize (res://tools/check_pixel_snap.gd:44)
ERROR: String formatting error: unsupported format character.
   at: validated_evaluate (core/variant/variant_op.h:770)
   GDScript backtrace (most recent call first):
       [0] _initialize (res://tools/check_pixel_snap.gd:44)
PIXEL SNAP OK
