Godot Engine v4.6.2.stable.official.71f334935 - https://godotengine.org
Metal 4.0 - Forward+ - Using Device #0: Apple - Apple M4 Pro (Apple9)
ERROR: Can't create shader cache folder, no shader caching will happen: user://
   at: RendererCompositorRD (servers/rendering/renderer_rd/renderer_compositor_rd.cpp:295)

== a working machine has to look different from a stopped one ==
  PASS: CONTROL: the camera has stopped — a cell's screen rect is identical 20 frames apart ([P: (1176, 421), S: (48, 49)] vs [P: (1176, 421), S: (48, 49)])
    empty stage mean luma 18.0
    drove 3 of 6 subjects to `working` — could not drive: Crusher (no_power), Spur (unlinked), Gear Mill (no_input)
  PASS: at least two machines could be driven to `working` (3) — one is a machine, not a family
    machine       ignite     work     stop  D_motion   D_state clip@ig clip@wk   verdict
    (ignite = the frame the status flips; work = the same state 75 frames later; told = what _machine_active reported)
    Forge           22.6     22.4     22.4      0.00      0.00      0%      0%  on->off   DOES NOT READ
    Drill           22.4     34.5     34.4     14.07     11.79      0%      0%  on->off   DOES NOT READ
    Generator       34.4     34.4     34.4      0.02      0.02      0%      0%  on->off   DOES NOT READ
    settling lag (not a failure): Generator (off at the flip, on once settled)
  PASS: the renderer's `_machine_active` and the sim's `machine_status` agree once both have settled
  PASS: no subject's working frame is clipped white, which would hide any cue it has
  PASS: every subject produced comparable patches
  FAIL: every machine's HARDWARE says whether it is running, with labels hidden and in luma — SILENT: Forge (state 0.0 vs motion 0.0), Drill (state 11.8 vs motion 14.1), Generator (state 0.0 vs motion 0.0)
check_machine_state: 1 FAILURE(S) of 6 asserted
