Godot Engine v4.6.2.stable.official.71f334935 - https://godotengine.org
Metal 4.0 - Forward+ - Using Device #0: Apple - Apple M4 Pro (Apple9)
ERROR: Can't create shader cache folder, no shader caching will happen: user://
   at: RendererCompositorRD (servers/rendering/renderer_rd/renderer_compositor_rd.cpp:295)

== with the icons off, is that the same box? ==
  PASS: CONTROL: the camera has stopped — a cell's screen rect is identical 20 frames apart
    empty stage: mean luma 20.6, largest still-frame difference 3.8 levels, 0 of 2352 pixels (0.0000 of the cell) clear the mask threshold
  PASS: CONTROL: still-frame noise masks 0.0000 of the cell, under the 0.025 two machines must differ by
  PASS: 20 machines stood on the stage — fewer than ten is not a registry
    machine          cell used
    Blast Furnace           1%
    Power Conduit           3%
    Crusher                 0%
    Descent Engine          3%
    Drift Rig               1%
    Drill                   0%
    Gear Mill               4%
    Generator               2%
    Borer                   0%
    Hopper                  0%
    Iron Forge              1%
    Lift                    0%
    Ore Vent                1%
    Plate Press             1%
    Forge                   0%
    Pump                    0%
    Rope                    0%
    Splitter                0%
    Spur                    0%
    Torch                   0%
    190 pairs — mean 0.016, tightest 0.000 (Drill/Borer), widest 0.051 (Descent Engine/Gear Mill)
    the ten most alike:
      0.000  Drill/Borer
      0.000  Drill/Lift
      0.000  Drill/Forge
      0.000  Drill/Pump
      0.000  Drill/Rope
      0.000  Drill/Spur
      0.000  Drill/Torch
      0.000  Borer/Lift
      0.000  Borer/Forge
      0.000  Borer/Pump
  FAIL: no two machines are drawn as the SAME SHAPE — IDENTICAL (28 of 190 pairs): Drill/Borer, Drill/Lift, Drill/Forge, Drill/Pump, Drill/Rope, Drill/Spur ... and 22 more
    same-kind pairs, exempt and named: Blast Furnace/Iron Forge (furnace, 0.009), Blast Furnace/Forge (furnace, 0.014), Iron Forge/Forge (furnace, 0.013)
  PASS: the family exemption covers 3 of 190 pairs (cap 15%) — an exemption that grows to fit the registry has stopped being one
  FAIL: every pair of machines of DIFFERENT kinds disagrees about at least 0.0250 of the cell — TOO ALIKE: Blast Furnace/Crusher (0.0136), Blast Furnace/Drift Rig (0.0136), Blast Furnace/Drill (0.0145), Blast Furnace/Generator (0.0140), Blast Furnace/Borer (0.0145), Blast Furnace/Hopper (0.0136), Blast Furnace/Lift (0.0145), Blast Furnace/Ore Vent (0.0145)
  PASS: CONTROL: a mask against itself scores 0.000 (0.000)
  PASS: CONTROL: two masks differing by 30 of 100 cells score 0.300 (0.300)
check_machine_identity: 2 FAILURE(S) of 8 asserted
WARNING: ObjectDB instances leaked at exit (run with --verbose for details).
     at: cleanup (core/object/object.cpp:2641)
