Godot Engine v4.6.2.stable.official.71f334935 - https://godotengine.org
Metal 4.0 - Forward+ - Using Device #0: Apple - Apple M4 Pro (Apple9)
ERROR: Can't create shader cache folder, no shader caching will happen: user://
   at: RendererCompositorRD (servers/rendering/renderer_rd/renderer_compositor_rd.cpp:295)

== a working machine has to look different from a stopped one ==
  PASS: CONTROL: the camera has stopped — a cell's screen rect is identical 20 frames apart ([P: (1176, 421), S: (48, 49)] vs [P: (1176, 421), S: (48, 49)])
    empty stage mean luma 17.2, 1.22 levels of still-frame drift across five shots
  PASS: CONTROL: the empty stage does NOT clear the presence bar the machines cleared (1.41 levels against 3.65)
    drove 3 of 6 subjects to `working` — could not drive: Crusher (no_power), Spur (unlinked), Gear Mill (no_input)
  PASS: at least two machines could be driven to `working` (3) — one is a machine, not a family
    machine       ignite     work     stop  D_motion   D_state clip@ig clip@wk   verdict
    (ignite = the frame the status flips; work = the same state 75 frames later; told = what _machine_active reported)
    Forge          107.3    141.9     50.4     10.53     91.51      0%      1%  on->off   reads
    Drill          174.7    155.2     78.6     15.20     78.01      0%      0%  on->off   reads
    Generator      185.6    168.9     67.4     33.95    101.43      3%      2%  on->off   DOES NOT READ
    settling lag (not a failure): Generator (off at the flip, on once settled)
  PASS: CONTROL: every subject was actually drawn on the stage
  PASS: the renderer's `_machine_active` and the sim's `machine_status` agree once both have settled
  PASS: no subject's working frame is clipped white, which would hide any cue it has
  PASS: every subject produced comparable patches
  FAIL: every machine's HARDWARE says whether it is running, with labels hidden and in luma — SILENT: Generator (state 101.4 vs motion 33.9)
check_machine_state: 1 FAILURE(S) of 8 asserted
