Godot Engine v4.6.2.stable.official.71f334935 - https://godotengine.org
Metal 4.0 - Forward+ - Using Device #0: Apple - Apple M4 Pro (Apple9)
ERROR: Can't create shader cache folder, no shader caching will happen: user://
   at: RendererCompositorRD (servers/rendering/renderer_rd/renderer_compositor_rd.cpp:295)

== a working machine has to look different from a stopped one ==
  PASS: CONTROL: the camera has stopped — a cell's screen rect is identical 20 frames apart ([P: (1176, 421), S: (48, 49)] vs [P: (1176, 421), S: (48, 49)])
    empty stage mean luma 17.2, 1.24 levels of still-frame drift across five shots
  PASS: CONTROL: the empty stage does NOT clear the presence bar the machines cleared (1.90 levels against 3.73)
    drove 3 of 6 subjects to `working` — could not drive: Crusher (no_power), Spur (unlinked), Gear Mill (no_input)
  PASS: at least two machines could be driven to `working` (3) — one is a machine, not a family
    machine       ignite     work     stop  D_motion   D_state clip@ig clip@wk   verdict
    (ignite = the frame the status flips; work = the same state 75 frames later; told = what _machine_active reported)
    Forge          253.3    141.9     50.5     11.93     91.45    100%      1%  on->off   reads
    Drill          175.5    155.8     78.3     16.39     78.85      0%      0%  on->off   reads
    Generator      180.0    173.4     67.5     29.61    105.88      3%      3%  on->off   reads
    settling lag (not a failure): Generator (off at the flip, on once settled)
  PASS: CONTROL: every subject was actually drawn on the stage
  PASS: the renderer's `_machine_active` and the sim's `machine_status` agree once both have settled
  PASS: no subject's working frame is clipped white, which would hide any cue it has
  PASS: every subject produced comparable patches
  PASS: every machine's HARDWARE says whether it is running, with labels hidden and in luma
check_machine_state: PASS (8 asserted) — the hardware says whether it is running
