Godot Engine v4.6.2.stable.official.71f334935 - https://godotengine.org
Metal 4.0 - Forward+ - Using Device #0: Apple - Apple M4 Pro (Apple9)
ERROR: Can't create shader cache folder, no shader caching will happen: user://
   at: RendererCompositorRD (servers/rendering/renderer_rd/renderer_compositor_rd.cpp:295)

== does water read as water ==
  the cistern occupies [P: (528, 108), S: (912, 432)] of a 1920x1080 frame
    #######
    #######
    ##..###
    deadest tile: (720,120) detail 1.2 range 8
  (90% of the body is featureless by the ROCK standard — not gated; see the note in source)
  the reference wall is [P: (336, 108), S: (144, 432)]
  the water reads 52.9 cooler than the rock under it (blue minus red)
  PASS: the body is legible against its own rock (52.9 levels, floor 12.0)
  the body reads 61.6 blue-over-red at the top and 58.1 near its floor (luma 26.2 / 27.1)
  PASS: depth deepens the colour — the floor is denser than the surface (3.5 levels, floor 2.5)
  0 bright INTERIOR edges down the middle of it
  PASS: no interior cell draws an edge it does not own (0 interior edges, cap 2)
  the air-to-water boundary rises 10.7 sRGB levels
  PASS: the body HAS a surface where it meets the air (10.7 levels, floor 7.0)
check_water_reads: PASS — a body of water, not a blue rectangle
