Godot Engine v4.6.2.stable.official.71f334935 - https://godotengine.org
Metal 4.0 - Forward+ - Using Device #0: Apple - Apple M4 Pro (Apple9)
ERROR: Can't create shader cache folder, no shader caching will happen: user://
   at: RendererCompositorRD (servers/rendering/renderer_rd/renderer_compositor_rd.cpp:295)

== outside the lamp, rock and air have to be tellable apart ==
  the delve reached 27 rows below the surface (asked for 30, floor 24)
  sampled 533 solid cells and 193 air cells outside the lamp (2951 skipped: 945 near the surface, 834 inside the lamp, 1172 off the judged slab, 0 flooded)
  PASS: 533 solid cells were found to judge (floor 40)
  PASS: 193 air cells were found to judge (floor 40)
  PASS: the sampled region is actually dark — median luminance 13.4, ceiling 34.0 (a brighter region than this is not the place the complaint was about)
  VALUE: rock median 14.9, air median 8.9, gap 6.0 -> you would be right 87% of the time
  GRAIN: rock median 4.22, air median 1.76, gap 2.45 -> you would be right 86% of the time
  ORIENTATION (diagnostic, not gated): rock median -0.146, air median +0.009 -> 62% of the time
  CHROMA b-r (diagnostic, not gated): rock median +2.49, air median +7.81, gap 5.32 -> 89% of the time
  the better cue is VALUE at 87% (a coin flip is 50%, the floor is 75%)
  rock spread: min 4.3  p25 12.2  med 14.9  p75 18.8  max 62.0  (IQR 6.6)
  air  spread: min 0.9  p25 5.4  med 8.9  p75 11.6  max 18.5  (IQR 6.2)
  rock partition (diagnostic only — the verdict above is the pooled global measure):
    plain interior     n= 408  median  14.42  vs air 86%
    plain BOUNDARY     n=  76  median  23.06  vs air 99%
    stained interior   n=  37  median  12.45  vs air 79%   [below the 40 floor — no conclusion]
    stained BOUNDARY   n=  12  median  18.51  vs air 92%   [below the 40 floor — no conclusion]
  rock partition ON GRAIN — the cue the verdict is actually made of (diagnostic only):
    plain interior     n= 408  median   4.11  vs air 85%
    plain BOUNDARY     n=  76  median   6.90  vs air 94%
    stained interior   n=  37  median   3.93  vs air 83%   [below the 40 floor — no conclusion]
    stained BOUNDARY   n=  12  median   5.39  vs air 91%   [below the 40 floor — no conclusion]
  sampled rows: rock median 53, air median 47 (the two populations should be looking at the same depths; far apart means they are not the same picture)
  PASS: a player can tell rock from air out in the dark — 87.41% on the better of the two cues (floor 75.00%)
check_rock_reads: PASS (4 asserted) — 533 rock and 193 air cells, best cue 87%
